[www.thebandchanged.com/index.html]
[backblue.gif]
[fade.gif]
[index.html]
[external.html]
[www.thebandchanged.com/index.html]
[www.thebandchanged.com/siteec92.css]
[www.thebandchanged.com/siteec92.css]
[www.thebandchanged.com/home.html]
[www.thebandchanged.com/about.html]
[www.thebandchanged.com/media.html]
[img1.wsimg.com/starfield/duel/v2.5.8/duel35bd.js]
[www.thebandchanged.com/home.html]
[www.thebandchanged.com/contact.html]
[www.thebandchanged.com/about.html]
[www.thebandchanged.com/gallery.html]
[www.thebandchanged.com/upcoming-events.html]
[www.thebandchanged.com/news-feed.html]
[www.thebandchanged.com/media.html]
[www.thebandchanged.com/contact.html]
[nebula.wsimg.com/5fa6451410f151cc5480367b64ba5fed3a45.jpg]
[nebula.wsimg.com/b488187faa2c9ad4679cdfa93fdd44943a45.jpg]
[www.thebandchanged.com/band-bios.html]
[nebula.wsimg.com/d6793e6e451ec21270876181861516213a45.jpg]
[www.thebandchanged.com/gallery.html]
[www.thebandchanged.com/upcoming-events.html]
[www.thebandchanged.com/news-feed.html]
[www.thebandchanged.com/band-bios.html]
[nebula.wsimg.com/6406c2f3434c4985f8b8a752706410663a45.jpg]
[img1.wsimg.com/tcc/tcc_l.combined.1.0.5.min.js]
[nebula.wsimg.com/54e2ec77fd073f5cdac202ea4919f1323a45.jpg]
[nebula.wsimg.com/e810a778cbcae4115264739db6aa4d6b3a45.jpg]
[nebula.wsimg.com/a5632e062d12fa5a0f577f5ad9ea3d873a45.jpg]
[nebula.wsimg.com/146ebe6d9d843d1c2e6c2bc46201bb323a45.jpg]
[nebula.wsimg.com/a47fae6bb1875442281df0145a51717a3a45.jpg]
[nebula.wsimg.com/7b1ea131861163cd1002aa12e45e4e763a45.jpg]
[nebula.wsimg.com/37111c60246b8c223e85f034e9314f463a45.jpg]
[nebula.wsimg.com/a650e70970c928add3a6b2b964f524603a45.jpg]
[nebula.wsimg.com/ae13e67e18f18201daff254303bc95f13a45.jpg]
[nebula.wsimg.com/213fcc56cc5e5151a61f203d381b59373a45.jpg]
[nebula.wsimg.com/0df0a70c3334519070b157131b7398fa3a45.jpg]
[img1.wsimg.com/wst/v7/WSB7_J_20171025_1113_WSB-16952_997/v2/images/wsb-slideshow-nav-arrows-sprt.png]
[www.thebandchanged.com/css!starfield/sf.core.html]
